// Jest Snapshot v1, https://goo.gl/fbAQLP

exports[`<App/> should render and match the snapshot 1`] = `
<ForwardRef>
  <HelmetWrapper
    defaultTitle="Hiếu Boy - React Boilerplate"
    defer={true}
    encodeSpecialCharacters={true}
    titleTemplate="%s - Hiếu Boy - React Boilerplate"
  >
    <meta
      content="A React.js Boilerplate application"
      name="description"
    />
  </HelmetWrapper>
  <GlobalStyleComponent />
</ForwardRef>
`;
